// Jest Snapshot v1, https://goo.gl/fbAQLP

exports[`pruebas en <CounterApp/> debe matchear con el snapshot 1`] = `
<div>
  <h1>
    Counter App
  </h1>
  <h2
    data-testid="test-counter"
  >
     
    100
     
  </h2>
  <button>
     +1 
  </button>
  <button>
     -1 
  </button>
  <button
    aria-label="btn-reset"
  >
     Reset 
  </button>
</div>
`;
