// Jest Snapshot v1, https://goo.gl/fbAQLP

exports[`pruebas en <FirstApp/> debe hacer match con el snapshot 1`] = `
<div>
  <h1
    data-testid="test-title"
  >
     
    Hola, soy Goku
     
  </h1>
  <p>
    No Hay subtitulo
  </p>
  <p>
    No Hay subtitulo
  </p>
</div>
`;
