// Jest Snapshot v1, https://goo.gl/fbAQLP

exports[`pruebas en <GifItem/> should match with snapshoot 1`] = `
<div>
  <div
    class="card"
  >
    <img
      alt="Kimetsu"
      src="http://kimetsu.com/"
    />
    <p>
      Kimetsu
    </p>
  </div>
</div>
`;
